JSCompiler_StaticMethods_assoc_BANG_:Vf
JSCompiler_StaticMethods_cljs$core$IMultiFn$_add_method$arity$3:$g
JSCompiler_StaticMethods_cljs$core$IMultiFn$_get_method$arity$2:Zg
JSCompiler_StaticMethods_cljs$core$ITransientVector$_assoc_n_BANG_$arity$3:Ve
JSCompiler_StaticMethods_forceChunk:kg
JSCompiler_StaticMethods_sval:xd
JSCompiler_prototypeAlias:g
L 0:a
L 1:b
L 10:n
L 11:p
L 12:q
L 13:r
L 14:t
L 15:y
L 16:w
L 17:G
L 18:K
L 19:T
L 2:c
L 20:ca
L 21:oa
L 22:xb
L 23:Kd
L 24:Ld
L 25:Md
L 26:Xf
L 27:Nd
L 28:kd
L 29:ye
L 3:d
L 30:ld
L 31:ze
L 32:Ae
L 33:Be
L 34:Ce
L 35:De
L 36:Th
L 37:Ee
L 38:Lc
L 39:Mb
L 4:e
L 40:wc
L 41:tb
L 42:Ta
L 43:Ab
L 44:Nb
L 45:cc
L 46:Qd
L 47:ck
L 5:f
L 6:h
L 7:k
L 8:l
L 9:m
attack$block$compare_type_QMARK_:yi
attack$block$dissolve_QMARK_:Ai
attack$block$falling_QMARK_:zi
attack$block$garbage_QMARK_:Ci
attack$block$garbage_block_points:vi
attack$block$new_complex:ui
attack$block$new_dissolve:wi
attack$block$new_falling:xi
attack$block$new_simple:ti
attack$block$resolve_falling:Fi
attack$block$resolve_swap_empty:Hi
attack$block$should_resolve_falling_QMARK_:Ei
attack$block$should_resolve_swap_QMARK_:Ji
attack$block$should_resolve_swap_empty_QMARK_:Gi
attack$block$simple_QMARK_:Di
attack$block$swap_QMARK_:Ii
attack$block$swap_empty_QMARK_:Bi
attack$color$brighten_values:Sj
attack$color$hex_to_int:Rj
attack$compat$hex_digit_to_int:Ui
attack$compat$hex_to_int:Vi
attack$compat$int_digit_to_hex:Ti
attack$compat$int_to_hex:Wi
attack$compat$pow:Si
attack$compat$zip:Ri
attack$display$add_garbage_block:vk
attack$display$add_line:uk
attack$display$brighten_block:bk
attack$display$cursor_down:nk
attack$display$cursor_left:pk
attack$display$cursor_mod:mk
attack$display$cursor_right:qk
attack$display$cursor_swap:tk
attack$display$cursor_swap_empty:sk
attack$display$cursor_swap_fill:rk
attack$display$cursor_up:ok
attack$display$disp_info:Uj
attack$display$draw_block:ek
attack$display$draw_block_fun:Xj
attack$display$draw_context:Wj
attack$display$draw_disappear_block:dk
attack$display$draw_dissolve_block:kk
attack$display$draw_falling_block:hk
attack$display$draw_garbage_block:lk
attack$display$draw_garbage_block_with_color:jk
attack$display$draw_grid:ak
attack$display$draw_swap_block:gk
attack$display$draw_swap_empty_block:ik
attack$display$inspect:wk
attack$display$make_gray:fk
attack$display$orect:Vj
attack$display$rect:Zj
attack$display$render_cursor:Yj
attack$display$step:xk
attack$display_math$pt_to_display_pt:Tj
attack$entrypoint$GI:zk
attack$entrypoint$begin_rendering:Ck
attack$entrypoint$init:Ek
attack$entrypoint$request_anim_fun:yk
attack$entrypoint$restart:Ak
attack$entrypoint$step:Bk
attack$entrypoint$which:Dk
attack$game$add_garbage_block:Pj
attack$game$add_line:Oj
attack$game$adjusted_grid:Mj
attack$game$game_over_QMARK_:Nj
attack$game_interface$default$0:Qj
attack$grid$add_blocks:cj
attack$grid$add_row:le
attack$grid$all_occupied_pts:lj
attack$grid$all_occupied_pts_without_falling:kj
attack$grid$all_simple_blocks:fj
attack$grid$block_at:nj
attack$grid$block_can_fall_QMARK_:Ej
attack$grid$block_points:$i
attack$grid$blocks_that_can_fall:Fj
attack$grid$default$0:oj
attack$grid$fall_map_recur:Ij
attack$grid$fallers:Lj
attack$grid$fallers_block_below:Hj
attack$grid$fallers_falling_map_all:Kj
attack$grid$find_matches_with_grid_block_in_directions:qj
attack$grid$garbage_block_bottom_points:wj
attack$grid$garbage_block_boundary_points:Bj
attack$grid$garbage_block_points:hj
attack$grid$garbage_blocks:gj
attack$grid$garbage_blocks_adjacent_to_matches:Dj
attack$grid$grid_block_bottom_y:Gj
attack$grid$hash_blocks:aj
attack$grid$line_count:mj
attack$grid$make_is_falling2:Jj
attack$grid$match_sets:tj
attack$grid$matches_in_direction_matching_block_with_quota:pj
attack$grid$matchset_points:Cj
attack$grid$position_valid:vj
attack$grid$reduce_matches:sj
attack$grid$remove_and_add_blocks:ej
attack$grid$remove_blocks:dj
attack$grid$remove_blocks_with_pred:uj
attack$grid$resolve_disappear_blocks:xj
attack$grid$resolve_dissolve_blocks:Aj
attack$grid$resolve_swaps:yj
attack$grid$simple_block_points:jj
attack$grid$step_blocks:zj
attack$grid$swap_empty_points:ij
attack$grid$to_superset:rj
attack$grid$unhash_blocks:bj
attack$point$below:si
attack$point$point:qi
attack$point$point_add:ri
attack$tick$dec_ticks:pi
attack$tick$ticks0_QMARK_:oi
cached_hierarchy__5602__auto__$jscomp$inline_950:Wg
cljs$core$ArrayChunk:zd
cljs$core$ArrayNode:Ff
cljs$core$ArrayNodeIterator:Jf
cljs$core$ArrayNodeSeq:Qf
cljs$core$Atom:ee
cljs$core$BitmapIndexedNode:Bf
cljs$core$BitmapIndexedNode$EMPTY:Ef
cljs$core$Box:vf
cljs$core$ChunkBuffer:yd
cljs$core$ChunkedCons:Bd
cljs$core$ChunkedSeq:Re
cljs$core$Cons:sd
cljs$core$ES6EntriesIterator:cf
cljs$core$ES6Iterator:dc
cljs$core$ES6IteratorSeq:fc
cljs$core$ES6SetEntriesIterator:df
cljs$core$EmptyList:qd
cljs$core$HashCollisionNode:Nf
cljs$core$HashMapIter:Sf
cljs$core$HashSetIter:$f
cljs$core$IAssociative:La
cljs$core$ICounted:ya
cljs$core$IEmptyableCollection:Aa
cljs$core$IIndexed:Da
cljs$core$IIndexed$_nth$dyn_21559:Fa
cljs$core$IIterable:Gb
cljs$core$IKVReduce:db
cljs$core$IList:kb
cljs$core$ILookup:Ia
cljs$core$ILookup$_lookup$dyn_21567:Ka
cljs$core$IMap:Pa
cljs$core$IMeta:Ya
cljs$core$INext:Ha
cljs$core$IPrintWithWriter:pb
cljs$core$IRecord:lb
cljs$core$IReduce:ab
cljs$core$IReduce$_reduce$dyn_21587:cb
cljs$core$IReversible:mb
cljs$core$ISeqable:hb
cljs$core$ISequential:jb
cljs$core$ISet:Ua
cljs$core$ISwap$_swap_BANG_$dyn_21664:Fb
cljs$core$ITER_SYMBOL:wa
cljs$core$IVector:Wa
cljs$core$IndexedSeq:H
cljs$core$IndexedSeqIterator:vc
cljs$core$IntegerRange:ig
cljs$core$IntegerRangeChunk:gg
cljs$core$KeySeq:Wf
cljs$core$Keyword:E
cljs$core$LazySeq:wd
cljs$core$List:Fc
cljs$core$List$EMPTY:M
cljs$core$MapEntry:Le
cljs$core$MetaFn:Jc
cljs$core$MultiFn:Rg
cljs$core$NeverEquiv:$e
cljs$core$NodeIterator:Af
cljs$core$NodeSeq:Of
cljs$core$PROTOCOL_SENTINEL:v
cljs$core$PersistentArrayMap:la
cljs$core$PersistentArrayMap$EMPTY:Xd
cljs$core$PersistentArrayMap$HASHMAP_THRESHOLD:mf
cljs$core$PersistentArrayMap$createAsIfByAssoc:Hc
cljs$core$PersistentArrayMap$createAsIfByAssocComplexPath:rf
cljs$core$PersistentArrayMapIterator:hf
cljs$core$PersistentArrayMapSeq:gf
cljs$core$PersistentHashMap:Tf
cljs$core$PersistentHashMap$EMPTY:nf
cljs$core$PersistentHashSet:ag
cljs$core$PersistentHashSet$EMPTY:cg
cljs$core$PersistentHashSet$createAsIfByAssoc:dg
cljs$core$PersistentQueue:Ye
cljs$core$PersistentQueue$EMPTY:Ze
cljs$core$PersistentQueueIter:We
cljs$core$PersistentQueueSeq:Xe
cljs$core$PersistentVector:Y
cljs$core$PersistentVector$EMPTY:Ec
cljs$core$PersistentVector$EMPTY_NODE:Z
cljs$core$RSeq:xc
cljs$core$Range:jg
cljs$core$RangeIterator:hg
cljs$core$RangedIterator:Ie
cljs$core$Reduced:kc
cljs$core$Repeat:je
cljs$core$StringBufferWriter:Jb
cljs$core$Symbol:Xb
cljs$core$TransientArrayMap:lf
cljs$core$TransientHashMap:Uf
cljs$core$TransientHashSet:bg
cljs$core$TransientVector:Me
cljs$core$UUID:bh
cljs$core$ValSeq:Yf
cljs$core$VectorNode:te
cljs$core$_EQ_:O
cljs$core$_PLUS_:id
cljs$core$_STAR_print_level_STAR_:ja
cljs$core$__destructure_map:W
cljs$core$_as_transient:rb
cljs$core$_assoc:Na
cljs$core$_assoc_BANG_:vb
cljs$core$_chunked_first:yb
cljs$core$_chunked_rest:zb
cljs$core$_conj:Ca
cljs$core$_conj_BANG_:sb
cljs$core$_contains_key_QMARK_:Ma
cljs$core$_count:za
cljs$core$_deref:Xa
cljs$core$_disjoin:Va
cljs$core$_dissoc:Qa
cljs$core$_drop:Ib
cljs$core$_drop_first:wb
cljs$core$_empty:Ba
cljs$core$_equiv:fb
cljs$core$_find:Oa
cljs$core$_first:C
cljs$core$_global_hierarchy:Fg
cljs$core$_hash:gb
cljs$core$_indexOf$cljs$0core$0IFn$0_invoke$0arity$03:P
cljs$core$_iterator:Hb
cljs$core$_key:Ra
cljs$core$_kv_reduce:eb
cljs$core$_lastIndexOf$cljs$0core$0IFn$0_invoke$0arity$03:R
cljs$core$_lookup:Ja
cljs$core$_meta:Za
cljs$core$_name:Bb
cljs$core$_namespace:Cb
cljs$core$_nth:Ea
cljs$core$_persistent_BANG_:ub
cljs$core$_pr_writer:qb
cljs$core$_reduce:bb
cljs$core$_reset_BANG_:Db
cljs$core$_rest:Ga
cljs$core$_rseq:nb
cljs$core$_seq:ib
cljs$core$_swap_BANG_:Eb
cljs$core$_val:Sa
cljs$core$_with_meta:$a
cljs$core$_write:ob
cljs$core$aclone:xa
cljs$core$apply:Kc
cljs$core$apply$cljs$0core$0IFn$0_invoke$0arity$02:Sd
cljs$core$apply$cljs$0core$0IFn$0_invoke$0arity$03:Td
cljs$core$apply$cljs$0core$0IFn$0_invoke$0arity$04:Ud
cljs$core$apply$cljs$0core$0IFn$0_invoke$0arity$05:Vd
cljs$core$apply$cljs$0core$0IFn$0_invoke$0arity$0variadic:Wd
cljs$core$apply_to:Hd
cljs$core$apply_to_simple$cljs$0core$0IFn$0_invoke$0arity$03:Jd
cljs$core$apply_to_simple$cljs$0core$0IFn$0_invoke$0arity$04:Od
cljs$core$apply_to_simple$cljs$0core$0IFn$0_invoke$0arity$05:Pd
cljs$core$apply_to_simple$cljs$0core$0IFn$0_invoke$0arity$06:Rd
cljs$core$array_QMARK_:ta
cljs$core$array__GT_transient_hash_map:uf
cljs$core$array_copy:Wc
cljs$core$array_for:Ge
cljs$core$array_index_of:ef
cljs$core$array_reduce$cljs$0core$0IFn$0_invoke$0arity$02:oc
cljs$core$array_reduce$cljs$0core$0IFn$0_invoke$0arity$03:pc
cljs$core$array_reduce$cljs$0core$0IFn$0_invoke$0arity$04:qc
cljs$core$assoc:V
cljs$core$bit_count:od
cljs$core$boolean$0:Yc
cljs$core$bounded_count:Ed
cljs$core$char_escapes:rg
cljs$core$chunk_append:Dd
cljs$core$chunk_buffer:Ad
cljs$core$chunk_cons:Cd
cljs$core$chunked_seq:Qe
cljs$core$chunked_seq$cljs$0core$0IFn$0_invoke$0arity$04:Pe
cljs$core$chunked_seq$cljs$0core$0IFn$0_invoke$0arity$05:Se
cljs$core$chunked_seq_QMARK_:Vc
cljs$core$ci_reduce$cljs$0core$0IFn$0_invoke$0arity$02:nc
cljs$core$clone_and_set$cljs$0core$0IFn$0_invoke$0arity$03:wf
cljs$core$comp:be
cljs$core$complement:ae
cljs$core$concat:Gd
cljs$core$conj:Dc
cljs$core$cons:S
cljs$core$contains_QMARK_:$c
cljs$core$count:Q
cljs$core$counted_QMARK_:rc
cljs$core$create_array_node_seq:Lf
cljs$core$create_array_node_seq$cljs$0core$0IFn$0_invoke$0arity$01:Kf
cljs$core$create_array_node_seq$cljs$0core$0IFn$0_invoke$0arity$03:Rf
cljs$core$create_inode_seq:Df
cljs$core$create_inode_seq$cljs$0core$0IFn$0_invoke$0arity$01:Cf
cljs$core$create_inode_seq$cljs$0core$0IFn$0_invoke$0arity$03:Pf
cljs$core$create_node:Hf
cljs$core$create_node$cljs$0core$0IFn$0_invoke$0arity$06:If
cljs$core$create_node$cljs$0core$0IFn$0_invoke$0arity$07:Gf
cljs$core$deref:mc
cljs$core$disj:Oc
cljs$core$dissoc:Ic
cljs$core$distinct$cljs$0core$0IFn$0_invoke$0arity$01:eg
cljs$core$do_assoc:He
cljs$core$doall$cljs$0core$0IFn$0_invoke$0arity$01:mg
cljs$core$dominates:Og
cljs$core$drop$cljs$0core$0IFn$0_invoke$0arity$02:ie
cljs$core$edit_and_set$cljs$0core$0IFn$0_invoke$0arity$04:yf
cljs$core$empty_QMARK_:Pc
cljs$core$empty_ordered_hash:hc
cljs$core$empty_unordered_hash:jc
cljs$core$equiv_map:bf
cljs$core$equiv_sequential:yc
cljs$core$es6_iterator:ec
cljs$core$es6_iterator_seq:bc
cljs$core$every_QMARK_:Zd
cljs$core$filter$cljs$0core$0IFn$0_invoke$0arity$02:ne
cljs$core$find_and_cache_best_method:Pg
cljs$core$first:I
cljs$core$flatten:qe
cljs$core$get:Yb
cljs$core$get$cljs$0core$0IFn$0_invoke$0arity$02:D
cljs$core$get$cljs$0core$0IFn$0_invoke$0arity$03:Zb
cljs$core$get_global_hierarchy:Gg
cljs$core$hash:Vb
cljs$core$hash_collision_node_find_index:Mf
cljs$core$hash_combine:Wb
cljs$core$hash_ordered_coll:gc
cljs$core$hash_string:Ub
cljs$core$hash_unordered_coll:ic
cljs$core$identity:gd
cljs$core$imul:Lb
cljs$core$indexed_QMARK_:sc
cljs$core$inode_kv_reduce:zf
cljs$core$int$0:md
cljs$core$integer_QMARK_:Zc
cljs$core$interleave:me
cljs$core$into:re
cljs$core$isa_QMARK_$cljs$0core$0IFn$0_invoke$0arity$03:Kg
cljs$core$iter_reduce$cljs$0core$0IFn$0_invoke$0arity$02:cd
cljs$core$iter_reduce$cljs$0core$0IFn$0_invoke$0arity$03:dd
cljs$core$iterable_QMARK_:ac
cljs$core$key:sf
cljs$core$key_test:of
cljs$core$keys:jf
cljs$core$keyword:ud
cljs$core$lift_ns:Ag
cljs$core$linear_traversal_nth$cljs$0core$0IFn$0_invoke$0arity$03:Gc
cljs$core$list_QMARK_:pd
cljs$core$lookup_sentinel:Xc
cljs$core$m3_fmix:Qb
cljs$core$m3_hash_unencoded_chars:Rb
cljs$core$m3_mix_H1:Pb
cljs$core$m3_mix_K1:Ob
cljs$core$map:X
cljs$core$map_QMARK_:Sc
cljs$core$map_entry_QMARK_:ff
cljs$core$max:jd
cljs$core$max_key:fg
cljs$core$merge$cljs$0core$0IFn$0_invoke$0arity$0variadic:Zf
cljs$core$meta:Nc
cljs$core$missing_protocol:A
cljs$core$name:vd
cljs$core$namespace:td
cljs$core$native_satisfies_QMARK_:z
cljs$core$never_equiv:af
cljs$core$new_path:we
cljs$core$next:N
cljs$core$next_STAR_:Id
cljs$core$nil_QMARK_:sa
cljs$core$not:ua
cljs$core$nth:uc
cljs$core$nth$cljs$0core$0IFn$0_invoke$0arity$02:tc
cljs$core$nth$cljs$0core$0IFn$0_invoke$0arity$03:U
cljs$core$pam_grow_seed_array:qf
cljs$core$pam_new_size:pf
cljs$core$parents$cljs$0core$0IFn$0_invoke$0arity$01:Lg
cljs$core$partial$cljs$0core$0IFn$0_invoke$0arity$02:ce
cljs$core$partial$cljs$0core$0IFn$0_invoke$0arity$03:de
cljs$core$partition$cljs$0core$0IFn$0_invoke$0arity$03:se
cljs$core$pr_opts:ka
cljs$core$pr_sequential_writer:og
cljs$core$pr_str_STAR_:Kb
cljs$core$pr_writer:vg
cljs$core$pr_writer_impl:ug
cljs$core$prefers_STAR_:Ng
cljs$core$prim_seq$cljs$0core$0IFn$0_invoke$0arity$02:zc
cljs$core$print_map:wg
cljs$core$print_meta_QMARK_:tg
cljs$core$print_prefix_map:Bg
cljs$core$push_tail:xe
cljs$core$pv_fresh_node:ue
cljs$core$pv_reduce$cljs$0core$0IFn$0_invoke$0arity$04:Je
cljs$core$pv_reduce$cljs$0core$0IFn$0_invoke$0arity$05:Ke
cljs$core$quot:nd
cljs$core$quote_string:sg
cljs$core$rand_int:Dg
cljs$core$rand_nth:Eg
cljs$core$range$cljs$0core$0IFn$0_invoke$0arity$03:lg
cljs$core$re_matches:ng
cljs$core$record_QMARK_:Tc
cljs$core$reduce:bd
cljs$core$reduce$cljs$0core$0IFn$0_invoke$0arity$02:ed
cljs$core$reduce$cljs$0core$0IFn$0_invoke$0arity$03:ad
cljs$core$reduce_kv:fd
cljs$core$reduced_QMARK_:lc
cljs$core$remove$cljs$0core$0IFn$0_invoke$0arity$02:oe
cljs$core$remove_pair:xf
cljs$core$repeat$cljs$0core$0IFn$0_invoke$0arity$02:ke
cljs$core$reset_BANG_:fe
cljs$core$reset_cache:Mg
cljs$core$rest:J
cljs$core$reverse:rd
cljs$core$seq:F
cljs$core$seq_reduce:Bc
cljs$core$seq_reduce$cljs$0core$0IFn$0_invoke$0arity$02:Ac
cljs$core$seq_reduce$cljs$0core$0IFn$0_invoke$0arity$03:Cc
cljs$core$sequential_QMARK_:Rc
cljs$core$set_QMARK_:Qc
cljs$core$some:$d
cljs$core$spread:Fd
cljs$core$str:B
cljs$core$string_hash_cache:Sb
cljs$core$string_hash_cache_count:Tb
cljs$core$strip_ns:zg
cljs$core$swap_BANG_:ge
cljs$core$symbol:$b
cljs$core$t_cljs$0core20457:Yd
cljs$core$tail_off:ve
cljs$core$take$cljs$0core$0IFn$0_invoke$0arity$02:he
cljs$core$throw_no_method_error:Qg
cljs$core$transduce$cljs$0core$0IFn$0_invoke$0arity$04:hd
cljs$core$tree_seq:pe
cljs$core$truth_:x
cljs$core$tv_editable_root:Ne
cljs$core$tv_editable_tail:Oe
cljs$core$tv_ensure_editable:Te
cljs$core$tv_push_tail:Ue
cljs$core$type__GT_str:va
cljs$core$unchecked_array_for:Fe
cljs$core$val:tf
cljs$core$vals:kf
cljs$core$vector_QMARK_:Uc
cljs$core$with_meta:Mc
cljs$core$write_all$cljs$0core$0IFn$0_invoke$0arity$0variadic:qg
cljs$cst$0$flush_on_newline:ma
cljs$cst$1$readably:na
cljs$cst$105$more_marker:pg
cljs$cst$106$alt_impl:xg
cljs$cst$107$fallback_impl:yg
cljs$cst$108$val:Cg
cljs$cst$109$status:ph
cljs$cst$128$parents:Hg
cljs$cst$129$descendants:Ig
cljs$cst$130$ancestors:Jg
cljs$cst$138$uuid:mh
cljs$cst$139$type:ei
cljs$cst$177$ticks:xh
cljs$cst$178$position:ii
cljs$cst$179$blocks:Mh
cljs$cst$180$swap:wh
cljs$cst$181$swap_empty:Wh
cljs$cst$182$block:Zh
cljs$cst$183$into_position:gh
cljs$cst$184$black:Nh
cljs$cst$185$garbage:Qh
cljs$cst$186$length:ci
cljs$cst$187$height:Sh
cljs$cst$188$dissolve:gi
cljs$cst$189$garbage_block:Ah
cljs$cst$190$pending_blocks:di
cljs$cst$191$starting_ticks:nh
cljs$cst$192$disappear:$h
cljs$cst$193$falling:uh
cljs$cst$194$falling_to:Uh
cljs$cst$2$meta:pa
cljs$cst$213$nil:ch
cljs$cst$214$string:jh
cljs$cst$215$strable:Ch
cljs$cst$216$vector:Kh
cljs$cst$217$list:Xh
cljs$cst$218$map:Hh
cljs$cst$219$set:fi
cljs$cst$220$hierarchy:vh
cljs$cst$221$default:Yg
cljs$cst$267$inst:Dh
cljs$cst$268$queue:hi
cljs$cst$269$js:lh
cljs$cst$270$rows:oh
cljs$cst$271$cols:Lh
cljs$cst$272$blocks_hash:Ih
cljs$cst$273$cache_clock:li
cljs$cst$275$clock:Ph
cljs$cst$277$grid:bi
cljs$cst$278$active:Gh
cljs$cst$279$max_lines:zh
cljs$cst$280$dirty:Rh
cljs$cst$281$add_line_ticks:ai
cljs$cst$282$game_over:ki
cljs$cst$283$origin:ni
cljs$cst$284$game:ih
cljs$cst$285$cursor:ji
cljs$cst$286$total_rows:eh
cljs$cst$287$block_height:yh
cljs$cst$288$block_width:Jh
cljs$cst$289$display_height:Oh
cljs$cst$290$gray:Bh
cljs$cst$291$AAA:fh
cljs$cst$292$ENTER:Eh
cljs$cst$293$EXCLAMATION:mi
cljs$cst$294$RIGHT:hh
cljs$cst$295$LEFT:kh
cljs$cst$296$UP:rh
cljs$cst$297$SPACE:Vh
cljs$cst$298$DOWN:Yh
cljs$cst$299$N:sh
cljs$cst$3$dup:qa
cljs$cst$300$P:th
cljs$cst$301$R:qh
cljs$cst$302$QMARK:Fh
cljs$cst$303$UNSUPPORTED:dh
cljs$cst$4$print_length:ra
cljs$reader$check:Pi
cljs$reader$days_in_month:Mi
cljs$reader$parse_and_validate_timestamp:Qi
cljs$reader$parse_int:Oi
cljs$reader$timestamp_regex:Ni
cljs$tools$reader$impl$inspect$dispatch_inspect:Xg
cljs$tools$reader$impl$inspect$inspect_STAR_:ah
cljs$tools$reader$impl$inspect$inspect_STAR__col:Li
clojure$set$bubble_max_key:Xi
clojure$set$intersection:Yi
clojure$set$subset_QMARK_:Zi
clojure$string$join:Ki
goog$UID_PROPERTY_:ea
goog$exportPath_:ba
goog$getUid:da
goog$global:aa
goog$string$StringBuffer:ia
goog$typeOf:u
goog$uidCounter_:fa
hierarchy__5603__auto__$jscomp$inline_951:Sg
method_cache__5601__auto__$jscomp$inline_949:Vg
method_table__5599__auto__$jscomp$inline_947:Tg
module$contents$goog$object_getKeys:ha
prefer_table__5600__auto__$jscomp$inline_948:Ug
